// Jest Snapshot v1, https://goo.gl/fbAQLP

exports[`GoBackButton renders without crashing 1`] = `
<button
  className="mb-5 btn btn-light"
  disabled={false}
  onClick={[Function]}
  type="button"
>
  ← Back
</button>
`;

exports[`GoBackButton should render 1`] = `
<button
  className="mb-5 btn btn-light"
  disabled={false}
  onClick={[Function]}
  type="button"
>
  ← Back
</button>
`;
