// Jest Snapshot v1, https://goo.gl/fbAQLP

exports[`App should render loading 1`] = `<Loading />`;

exports[`App should render with cards 1`] = `
<div
  className="container"
>
  <div
    className="App"
  >
    <div
      className="pagination-btns"
    >
      <Pagination
        count={100}
        nextLink="next"
        page={1}
        previousLink="prev"
        setPage={[Function]}
      />
    </div>
    <div
      className="cards"
    >
      <PokemonCard
        pokemon={
          Object {
            "name": "name",
          }
        }
      />
    </div>
  </div>
</div>
`;
